[debug] [2026-03-28T10:19:57.094Z] ----------------------------------------------------------------------
[debug] [2026-03-28T10:19:57.096Z] Command:       C:\Program Files\nodejs\node.exe C:\Users\TAD\AppData\Roaming\npm\node_modules\firebase-tools\lib\bin\firebase.js deploy --only hosting
[debug] [2026-03-28T10:19:57.096Z] CLI Version:   15.9.0
[debug] [2026-03-28T10:19:57.096Z] Platform:      win32
[debug] [2026-03-28T10:19:57.096Z] Node Version:  v24.14.0
[debug] [2026-03-28T10:19:57.096Z] Time:          Sat Mar 28 2026 14:19:57 GMT+0400 (Gulf Standard Time)
[debug] [2026-03-28T10:19:57.096Z] ----------------------------------------------------------------------
[debug] 
[debug] [2026-03-28T10:19:59.087Z] > command requires scopes: ["email","openid","https://www.googleapis.com/auth/cloudplatformprojects.readonly","https://www.googleapis.com/auth/firebase","https://www.googleapis.com/auth/cloud-platform"]
[debug] [2026-03-28T10:19:59.088Z] > authorizing via signed-in user (mianwaleed689@gmail.com)
[debug] [2026-03-28T10:19:59.088Z] [iam] checking project dxb-analytics for permissions ["firebase.projects.get","firebasehosting.sites.update"]
[debug] [2026-03-28T10:19:59.090Z] Checked if tokens are valid: true, expires at: 1774694851055
[debug] [2026-03-28T10:19:59.090Z] Checked if tokens are valid: true, expires at: 1774694851055
[debug] [2026-03-28T10:19:59.091Z] >>> [apiv2][query] POST https://cloudresourcemanager.googleapis.com/v1/projects/dxb-analytics:testIamPermissions [none]
[debug] [2026-03-28T10:19:59.091Z] >>> [apiv2][(partial)header] POST https://cloudresourcemanager.googleapis.com/v1/projects/dxb-analytics:testIamPermissions  x-goog-user-project=dxb-analytics
[debug] [2026-03-28T10:19:59.091Z] >>> [apiv2][body] POST https://cloudresourcemanager.googleapis.com/v1/projects/dxb-analytics:testIamPermissions {"permissions":["firebase.projects.get","firebasehosting.sites.update"]}
[debug] [2026-03-28T10:19:59.109Z] *** [apiv2] error from fetch(https://cloudresourcemanager.googleapis.com/v1/projects/dxb-analytics:testIamPermissions, {"headers":{},"method":"POST","body":"{\"permissions\":[\"firebase.projects.get\",\"firebasehosting.sites.update\"]}"}): FetchError: request to https://cloudresourcemanager.googleapis.com/v1/projects/dxb-analytics:testIamPermissions failed, reason: getaddrinfo ENOTFOUND cloudresourcemanager.googleapis.com
[debug] [2026-03-28T10:19:59.109Z] [iam] error while checking permissions, command may fail: Failed to make request to https://cloudresourcemanager.googleapis.com/v1/projects/dxb-analytics:testIamPermissions
[debug] [2026-03-28T10:19:59.110Z] Checked if tokens are valid: true, expires at: 1774694851055
[debug] [2026-03-28T10:19:59.110Z] Checked if tokens are valid: true, expires at: 1774694851055
[debug] [2026-03-28T10:19:59.110Z] >>> [apiv2][query] GET https://firebase.googleapis.com/v1beta1/projects/dxb-analytics [none]
[debug] [2026-03-28T10:19:59.114Z] *** [apiv2] error from fetch(https://firebase.googleapis.com/v1beta1/projects/dxb-analytics, {"headers":{},"method":"GET","signal":{"reason":""}}): FetchError: request to https://firebase.googleapis.com/v1beta1/projects/dxb-analytics failed, reason: getaddrinfo ENOTFOUND firebase.googleapis.com
[debug] [2026-03-28T10:19:59.114Z] Failed to make request to https://firebase.googleapis.com/v1beta1/projects/dxb-analytics (original: request to https://firebase.googleapis.com/v1beta1/projects/dxb-analytics failed, reason: getaddrinfo ENOTFOUND firebase.googleapis.com)
[error] 
[error] Error: Assertion failed: resolving hosting target of a site with no site name or target name. This should have caused an error earlier
